<?xml version="1.0" ?>
<Aloa>
    <TotalIssuesCount>5912</TotalIssuesCount>
    <TotalSeverityScore>14047</TotalSeverityScore>
    <FileList>
        <File>
            <Name>Z:/usr/include/c++/5/ostream</Name>
            <Rank>1</Rank>
            <Score>2004</Score>
            <Issues>1002</Issues>
            <MMsg>830</MMsg>
            <MSev>2</MSev>
        </File>
        <File>
            <Name>Z:/usr/include/c++/5/cwchar</Name>
            <Rank>2</Rank>
            <Score>1696</Score>
            <Issues>424</Issues>
            <MMsg>40</MMsg>
            <MSev>4</MSev>
        </File>
        <File>
            <Name>Z:/usr/include/c++/5/bits/basic_string.tcc</Name>
            <Rank>3</Rank>
            <Score>1462</Score>
            <Issues>425</Issues>
            <MMsg>1062</MMsg>
            <MSev>4</MSev>
        </File>
        <File>
            <Name>Z:/home/ralf/work/aloa/src/ClassicMetricsReporter.cpp</Name>
            <Rank>4</Rank>
            <Score>1193</Score>
            <Issues>982</Issues>
            <MMsg>1066</MMsg>
            <MSev>4</MSev>
        </File>
        <File>
            <Name>Z:/usr/include/c++/5/bits/basic_string.h</Name>
            <Rank>5</Rank>
            <Score>1024</Score>
            <Issues>256</Issues>
            <MMsg>40</MMsg>
            <MSev>4</MSev>
        </File>
        <File>
            <Name>Z:/home/ralf/work/aloa/src/Aloa.cpp</Name>
            <Rank>6</Rank>
            <Score>879</Score>
            <Issues>503</Issues>
            <MMsg>1066</MMsg>
            <MSev>4</MSev>
        </File>
        <File>
            <Name>Z:/usr/include/c++/5/iosfwd</Name>
            <Rank>7</Rank>
            <Score>602</Score>
            <Issues>169</Issues>
            <MMsg>40</MMsg>
            <MSev>4</MSev>
        </File>
        <File>
            <Name>Z:/usr/include/c++/5/bits/locale_classes.tcc</Name>
            <Rank>8</Rank>
            <Score>484</Score>
            <Issues>170</Issues>
            <MMsg>1066</MMsg>
            <MSev>4</MSev>
        </File>
        <File>
            <Name>Z:/usr/include/c++/5/bits/locale_facets.tcc</Name>
            <Rank>9</Rank>
            <Score>368</Score>
            <Issues>134</Issues>
            <MMsg>1066</MMsg>
            <MSev>4</MSev>
        </File>
        <File>
            <Name>Z:/home/ralf/work/aloa/src/XmlMetricsReporter.cpp</Name>
            <Rank>10</Rank>
            <Score>360</Score>
            <Issues>167</Issues>
            <MMsg>10</MMsg>
            <MSev>4</MSev>
        </File>
        <File>
            <Name>Z:/home/ralf/work/aloa/src/File.h</Name>
            <Rank>11</Rank>
            <Score>308</Score>
            <Issues>161</Issues>
            <MMsg>10</MMsg>
            <MSev>4</MSev>
        </File>
        <File>
            <Name>Z:/usr/include/c++/5/cstdlib</Name>
            <Rank>12</Rank>
            <Score>240</Score>
            <Issues>60</Issues>
            <MMsg>40</MMsg>
            <MSev>4</MSev>
        </File>
        <File>
            <Name>Z:/home/ralf/work/aloa/src/Issue.h</Name>
            <Rank>13</Rank>
            <Score>230</Score>
            <Issues>110</Issues>
            <MMsg>10</MMsg>
            <MSev>4</MSev>
        </File>
        <File>
            <Name>Z:/usr/include/c++/5/bits/locale_classes.h</Name>
            <Rank>14</Rank>
            <Score>210</Score>
            <Issues>104</Issues>
            <MMsg>49</MMsg>
            <MSev>4</MSev>
        </File>
        <File>
            <Name>Z:/home/ralf/work/aloa/src/MisraParser.cpp</Name>
            <Rank>15</Rank>
            <Score>209</Score>
            <Issues>120</Issues>
            <MMsg>1066</MMsg>
            <MSev>4</MSev>
        </File>
        <File>
            <Name>Z:/home/ralf/work/aloa/src/Aloa.h</Name>
            <Rank>16</Rank>
            <Score>205</Score>
            <Issues>92</Issues>
            <MMsg>10</MMsg>
            <MSev>4</MSev>
        </File>
        <File>
            <Name>Z:/usr/include/c++/5/bits/locale_facets.h</Name>
            <Rank>17</Rank>
            <Score>194</Score>
            <Issues>80</Issues>
            <MMsg>1066</MMsg>
            <MSev>4</MSev>
        </File>
        <File>
            <Name>Z:/usr/include/c++/5/stdexcept</Name>
            <Rank>18</Rank>
            <Score>176</Score>
            <Issues>44</Issues>
            <MMsg>49</MMsg>
            <MSev>4</MSev>
        </File>
        <File>
            <Name>Z:/home/ralf/work/aloa/src/MetricsTypes.h</Name>
            <Rank>19</Rank>
            <Score>170</Score>
            <Issues>50</Issues>
            <MMsg>40</MMsg>
            <MSev>4</MSev>
        </File>
        <File>
            <Name>Z:/usr/include/c++/5/bits/stl_tree.h</Name>
            <Rank>20</Rank>
            <Score>162</Score>
            <Issues>54</Issues>
            <MMsg>1066</MMsg>
            <MSev>4</MSev>
        </File>
        <File>
            <Name>Z:/home/ralf/work/aloa/src/MisraParser.h</Name>
            <Rank>21</Rank>
            <Score>156</Score>
            <Issues>56</Issues>
            <MMsg>40</MMsg>
            <MSev>4</MSev>
        </File>
        <File>
            <Name>Z:/usr/include/string.h</Name>
            <Rank>22</Rank>
            <Score>156</Score>
            <Issues>47</Issues>
            <MMsg>96</MMsg>
            <MSev>4</MSev>
        </File>
        <File>
            <Name>Z:/home/ralf/work/aloa/src/MetricsBuilder.cpp</Name>
            <Rank>23</Rank>
            <Score>153</Score>
            <Issues>51</Issues>
            <MMsg>1066</MMsg>
            <MSev>4</MSev>
        </File>
        <File>
            <Name>Z:/home/ralf/work/aloa/src/Main.cpp</Name>
            <Rank>24</Rank>
            <Score>143</Score>
            <Issues>94</Issues>
            <MMsg>10</MMsg>
            <MSev>4</MSev>
        </File>
        <File>
            <Name>Z:/usr/include/c++/5/istream</Name>
            <Rank>25</Rank>
            <Score>142</Score>
            <Issues>65</Issues>
            <MMsg>1066</MMsg>
            <MSev>4</MSev>
        </File>
        <File>
            <Name>Z:/usr/include/c++/5/cstring</Name>
            <Rank>26</Rank>
            <Score>112</Score>
            <Issues>28</Issues>
            <MMsg>40</MMsg>
            <MSev>4</MSev>
        </File>
        <File>
            <Name>Z:/usr/include/c++/5/bits/sstream.tcc</Name>
            <Rank>27</Rank>
            <Score>92</Score>
            <Issues>24</Issues>
            <MMsg>40</MMsg>
            <MSev>4</MSev>
        </File>
        <File>
            <Name>Z:/usr/include/c++/5/bits/istream.tcc</Name>
            <Rank>28</Rank>
            <Score>84</Score>
            <Issues>21</Issues>
            <MMsg>1066</MMsg>
            <MSev>4</MSev>
        </File>
        <File>
            <Name>Z:/home/ralf/work/aloa/src/IssueTable.h</Name>
            <Rank>29</Rank>
            <Score>78</Score>
            <Issues>78</Issues>
            <MMsg>1000000</MMsg>
            <MSev>1</MSev>
        </File>
        <File>
            <Name>Z:/usr/include/c++/5/bits/algorithmfwd.h</Name>
            <Rank>30</Rank>
            <Score>76</Score>
            <Issues>19</Issues>
            <MMsg>1066</MMsg>
            <MSev>4</MSev>
        </File>
        <File>
            <Name>Z:/usr/include/wchar.h</Name>
            <Rank>31</Rank>
            <Score>74</Score>
            <Issues>22</Issues>
            <MMsg>96</MMsg>
            <MSev>4</MSev>
        </File>
        <File>
            <Name>Z:/home/ralf/work/aloa/src/MetricsBuilder.h</Name>
            <Rank>32</Rank>
            <Score>67</Score>
            <Issues>38</Issues>
            <MMsg>10</MMsg>
            <MSev>4</MSev>
        </File>
        <File>
            <Name>&lt;unknown&gt;</Name>
            <Rank>33</Rank>
            <Score>50</Score>
            <Issues>50</Issues>
            <MMsg>1000053</MMsg>
            <MSev>1</MSev>
        </File>
        <File>
            <Name>Z:/home/ralf/work/aloa/src/IssueTable.cpp</Name>
            <Rank>34</Rank>
            <Score>44</Score>
            <Issues>38</Issues>
            <MMsg>830</MMsg>
            <MSev>2</MSev>
        </File>
        <File>
            <Name>Z:/usr/include/stdlib.h</Name>
            <Rank>35</Rank>
            <Score>44</Score>
            <Issues>13</Issues>
            <MMsg>96</MMsg>
            <MSev>4</MSev>
        </File>
        <File>
            <Name>Z:/home/ralf/work/aloa/src/XmlMetricsReporter.h</Name>
            <Rank>36</Rank>
            <Score>40</Score>
            <Issues>17</Issues>
            <MMsg>10</MMsg>
            <MSev>4</MSev>
        </File>
        <File>
            <Name>Z:/usr/include/c++/5/bits/ostream.tcc</Name>
            <Rank>37</Rank>
            <Score>40</Score>
            <Issues>10</Issues>
            <MMsg>1066</MMsg>
            <MSev>4</MSev>
        </File>
        <File>
            <Name>Z:/usr/include/c++/5/bits/stl_algobase.h</Name>
            <Rank>38</Rank>
            <Score>40</Score>
            <Issues>20</Issues>
            <MMsg>830</MMsg>
            <MSev>2</MSev>
        </File>
        <File>
            <Name>Z:/usr/include/c++/5/bits/char_traits.h</Name>
            <Rank>39</Rank>
            <Score>36</Score>
            <Issues>12</Issues>
            <MMsg>1066</MMsg>
            <MSev>4</MSev>
        </File>
        <File>
            <Name>Z:/usr/include/c++/5/streambuf</Name>
            <Rank>40</Rank>
            <Score>36</Score>
            <Issues>10</Issues>
            <MMsg>49</MMsg>
            <MSev>4</MSev>
        </File>
        <File>
            <Name>Z:/home/ralf/work/aloa/src/File.cpp</Name>
            <Rank>41</Rank>
            <Score>33</Score>
            <Issues>21</Issues>
            <MMsg>1039</MMsg>
            <MSev>4</MSev>
        </File>
        <File>
            <Name>Z:/home/ralf/work/aloa/src/Issue.cpp</Name>
            <Rank>42</Rank>
            <Score>27</Score>
            <Issues>11</Issues>
            <MMsg>10</MMsg>
            <MSev>4</MSev>
        </File>
        <File>
            <Name>Z:/home/ralf/work/aloa/src/MisraStringIssue.h</Name>
            <Rank>43</Rank>
            <Score>24</Score>
            <Issues>12</Issues>
            <MMsg>601</MMsg>
            <MSev>3</MSev>
        </File>
        <File>
            <Name>Z:/usr/include/c++/5/bits/basic_ios.tcc</Name>
            <Rank>44</Rank>
            <Score>24</Score>
            <Issues>6</Issues>
            <MMsg>1066</MMsg>
            <MSev>4</MSev>
        </File>
        <File>
            <Name>Z:/usr/include/c++/5/bits/ios_base.h</Name>
            <Rank>45</Rank>
            <Score>16</Score>
            <Issues>4</Issues>
            <MMsg>49</MMsg>
            <MSev>4</MSev>
        </File>
        <File>
            <Name>Z:/usr/include/x86_64-linux-gnu/c++/5/bits/ctype_inline.h</Name>
            <Rank>46</Rank>
            <Score>16</Score>
            <Issues>4</Issues>
            <MMsg>1066</MMsg>
            <MSev>4</MSev>
        </File>
        <File>
            <Name>Z:/home/ralf/work/aloa/src/MetricsReporter.h</Name>
            <Rank>47</Rank>
            <Score>14</Score>
            <Issues>11</Issues>
            <MMsg>830</MMsg>
            <MSev>2</MSev>
        </File>
        <File>
            <Name>Z:/home/ralf/work/aloa/src/ClassicMetricsReporter.h</Name>
            <Rank>48</Rank>
            <Score>12</Score>
            <Issues>8</Issues>
            <MMsg>830</MMsg>
            <MSev>2</MSev>
        </File>
        <File>
            <Name>Z:/usr/include/c++/5/bits/basic_ios.h</Name>
            <Rank>49</Rank>
            <Score>12</Score>
            <Issues>6</Issues>
            <MMsg>830</MMsg>
            <MSev>2</MSev>
        </File>
        <File>
            <Name>Z:/usr/include/c++/5/bits/streambuf_iterator.h</Name>
            <Rank>50</Rank>
            <Score>12</Score>
            <Issues>3</Issues>
            <MMsg>1066</MMsg>
            <MSev>4</MSev>
        </File>
        <File>
            <Name>Z:/usr/include/c++/5/bits/streambuf.tcc</Name>
            <Rank>51</Rank>
            <Score>8</Score>
            <Issues>2</Issues>
            <MMsg>1066</MMsg>
            <MSev>4</MSev>
        </File>
        <File>
            <Name>Z:/usr/include/c++/5/bits/stl_tempbuf.h</Name>
            <Rank>52</Rank>
            <Score>6</Score>
            <Issues>2</Issues>
            <MMsg>1066</MMsg>
            <MSev>4</MSev>
        </File>
        <File>
            <Name>Z:/usr/include/c++/5/bits/move.h</Name>
            <Rank>53</Rank>
            <Score>4</Score>
            <Issues>2</Issues>
            <MMsg>830</MMsg>
            <MSev>2</MSev>
        </File>
    </FileList>
    <IssueList>
        <Issue>
            <Rank>1</Rank>
            <Msg>830</Msg>
            <Sev>2</Sev>
            <Count>1555</Count>
        </Issue>
        <Issue>
            <Rank>2</Rank>
            <Msg>1000018</Msg>
            <Sev>1</Sev>
            <Count>1034</Count>
        </Issue>
        <Issue>
            <Rank>3</Rank>
            <Msg>40</Msg>
            <Sev>4</Sev>
            <Count>865</Count>
        </Issue>
        <Issue>
            <Rank>4</Rank>
            <Msg>49</Msg>
            <Sev>4</Sev>
            <Count>338</Count>
        </Issue>
        <Issue>
            <Rank>5</Rank>
            <Msg>1000000</Msg>
            <Sev>1</Sev>
            <Count>322</Count>
        </Issue>
        <Issue>
            <Rank>6</Rank>
            <Msg>1000017</Msg>
            <Sev>1</Sev>
            <Count>177</Count>
        </Issue>
        <Issue>
            <Rank>7</Rank>
            <Msg>1066</Msg>
            <Sev>4</Sev>
            <Count>163</Count>
        </Issue>
        <Issue>
            <Rank>8</Rank>
            <Msg>1098</Msg>
            <Sev>4</Sev>
            <Count>112</Count>
        </Issue>
        <Issue>
            <Rank>9</Rank>
            <Msg>36</Msg>
            <Sev>4</Sev>
            <Count>102</Count>
        </Issue>
        <Issue>
            <Rank>10</Rank>
            <Msg>10</Msg>
            <Sev>4</Sev>
            <Count>82</Count>
        </Issue>
        <Issue>
            <Rank>11</Rank>
            <Msg>19</Msg>
            <Sev>4</Sev>
            <Count>76</Count>
        </Issue>
        <Issue>
            <Rank>12</Rank>
            <Msg>1062</Msg>
            <Sev>4</Sev>
            <Count>71</Count>
        </Issue>
        <Issue>
            <Rank>13</Rank>
            <Msg>1000019</Msg>
            <Sev>1</Sev>
            <Count>61</Count>
        </Issue>
        <Issue>
            <Rank>14</Rank>
            <Msg>1000009</Msg>
            <Sev>1</Sev>
            <Count>52</Count>
        </Issue>
        <Issue>
            <Rank>15</Rank>
            <Msg>1000053</Msg>
            <Sev>1</Sev>
            <Count>50</Count>
        </Issue>
        <Issue>
            <Rank>16</Rank>
            <Msg>1013</Msg>
            <Sev>4</Sev>
            <Count>45</Count>
        </Issue>
        <Issue>
            <Rank>17</Rank>
            <Msg>808</Msg>
            <Sev>2</Sev>
            <Count>43</Count>
        </Issue>
        <Issue>
            <Rank>18</Rank>
            <Msg>1054</Msg>
            <Sev>4</Sev>
            <Count>37</Count>
        </Issue>
        <Issue>
            <Rank>19</Rank>
            <Msg>1000010</Msg>
            <Sev>1</Sev>
            <Count>36</Count>
        </Issue>
        <Issue>
            <Rank>20</Rank>
            <Msg>1000011</Msg>
            <Sev>1</Sev>
            <Count>36</Count>
        </Issue>
        <Issue>
            <Rank>21</Rank>
            <Msg>1000021</Msg>
            <Sev>1</Sev>
            <Count>36</Count>
        </Issue>
        <Issue>
            <Rank>22</Rank>
            <Msg>14</Msg>
            <Sev>4</Sev>
            <Count>33</Count>
        </Issue>
        <Issue>
            <Rank>23</Rank>
            <Msg>1000002</Msg>
            <Sev>1</Sev>
            <Count>33</Count>
        </Issue>
        <Issue>
            <Rank>24</Rank>
            <Msg>1000001</Msg>
            <Sev>1</Sev>
            <Count>30</Count>
        </Issue>
        <Issue>
            <Rank>25</Rank>
            <Msg>96</Msg>
            <Sev>4</Sev>
            <Count>28</Count>
        </Issue>
        <Issue>
            <Rank>26</Rank>
            <Msg>1087</Msg>
            <Sev>4</Sev>
            <Count>24</Count>
        </Issue>
        <Issue>
            <Rank>27</Rank>
            <Msg>1055</Msg>
            <Sev>4</Sev>
            <Count>23</Count>
        </Issue>
        <Issue>
            <Rank>28</Rank>
            <Msg>55</Msg>
            <Sev>4</Sev>
            <Count>22</Count>
        </Issue>
        <Issue>
            <Rank>29</Rank>
            <Msg>1000007</Msg>
            <Sev>1</Sev>
            <Count>19</Count>
        </Issue>
        <Issue>
            <Rank>30</Rank>
            <Msg>60</Msg>
            <Sev>4</Sev>
            <Count>18</Count>
        </Issue>
        <Issue>
            <Rank>31</Rank>
            <Msg>1073</Msg>
            <Sev>4</Sev>
            <Count>18</Count>
        </Issue>
        <Issue>
            <Rank>32</Rank>
            <Msg>1000027</Msg>
            <Sev>1</Sev>
            <Count>17</Count>
        </Issue>
        <Issue>
            <Rank>33</Rank>
            <Msg>601</Msg>
            <Sev>3</Sev>
            <Count>16</Count>
        </Issue>
        <Issue>
            <Rank>34</Rank>
            <Msg>1000008</Msg>
            <Sev>1</Sev>
            <Count>16</Count>
        </Issue>
        <Issue>
            <Rank>35</Rank>
            <Msg>64</Msg>
            <Sev>4</Sev>
            <Count>14</Count>
        </Issue>
        <Issue>
            <Rank>36</Rank>
            <Msg>1023</Msg>
            <Sev>4</Sev>
            <Count>14</Count>
        </Issue>
        <Issue>
            <Rank>37</Rank>
            <Msg>526</Msg>
            <Sev>3</Sev>
            <Count>14</Count>
        </Issue>
        <Issue>
            <Rank>38</Rank>
            <Msg>628</Msg>
            <Sev>3</Sev>
            <Count>14</Count>
        </Issue>
        <Issue>
            <Rank>39</Rank>
            <Msg>746</Msg>
            <Sev>2</Sev>
            <Count>14</Count>
        </Issue>
        <Issue>
            <Rank>40</Rank>
            <Msg>701</Msg>
            <Sev>2</Sev>
            <Count>13</Count>
        </Issue>
        <Issue>
            <Rank>41</Rank>
            <Msg>1793</Msg>
            <Sev>2</Sev>
            <Count>13</Count>
        </Issue>
        <Issue>
            <Rank>42</Rank>
            <Msg>1000022</Msg>
            <Sev>1</Sev>
            <Count>13</Count>
        </Issue>
        <Issue>
            <Rank>43</Rank>
            <Msg>1000031</Msg>
            <Sev>1</Sev>
            <Count>13</Count>
        </Issue>
        <Issue>
            <Rank>44</Rank>
            <Msg>59</Msg>
            <Sev>4</Sev>
            <Count>12</Count>
        </Issue>
        <Issue>
            <Rank>45</Rank>
            <Msg>1000006</Msg>
            <Sev>1</Sev>
            <Count>12</Count>
        </Issue>
        <Issue>
            <Rank>46</Rank>
            <Msg>1000033</Msg>
            <Sev>1</Sev>
            <Count>11</Count>
        </Issue>
        <Issue>
            <Rank>47</Rank>
            <Msg>522</Msg>
            <Sev>3</Sev>
            <Count>10</Count>
        </Issue>
        <Issue>
            <Rank>48</Rank>
            <Msg>1000047</Msg>
            <Sev>1</Sev>
            <Count>9</Count>
        </Issue>
        <Issue>
            <Rank>49</Rank>
            <Msg>1000048</Msg>
            <Sev>1</Sev>
            <Count>9</Count>
        </Issue>
        <Issue>
            <Rank>50</Rank>
            <Msg>1000049</Msg>
            <Sev>1</Sev>
            <Count>9</Count>
        </Issue>
        <Issue>
            <Rank>51</Rank>
            <Msg>26</Msg>
            <Sev>4</Sev>
            <Count>8</Count>
        </Issue>
        <Issue>
            <Rank>52</Rank>
            <Msg>118</Msg>
            <Sev>4</Sev>
            <Count>8</Count>
        </Issue>
        <Issue>
            <Rank>53</Rank>
            <Msg>1000030</Msg>
            <Sev>1</Sev>
            <Count>7</Count>
        </Issue>
        <Issue>
            <Rank>54</Rank>
            <Msg>1000038</Msg>
            <Sev>1</Sev>
            <Count>7</Count>
        </Issue>
        <Issue>
            <Rank>55</Rank>
            <Msg>1000040</Msg>
            <Sev>1</Sev>
            <Count>7</Count>
        </Issue>
        <Issue>
            <Rank>56</Rank>
            <Msg>1000016</Msg>
            <Sev>1</Sev>
            <Count>6</Count>
        </Issue>
        <Issue>
            <Rank>57</Rank>
            <Msg>730</Msg>
            <Sev>2</Sev>
            <Count>5</Count>
        </Issue>
        <Issue>
            <Rank>58</Rank>
            <Msg>1000034</Msg>
            <Sev>1</Sev>
            <Count>5</Count>
        </Issue>
        <Issue>
            <Rank>59</Rank>
            <Msg>504</Msg>
            <Sev>3</Sev>
            <Count>4</Count>
        </Issue>
        <Issue>
            <Rank>60</Rank>
            <Msg>1000024</Msg>
            <Sev>1</Sev>
            <Count>4</Count>
        </Issue>
        <Issue>
            <Rank>61</Rank>
            <Msg>1000025</Msg>
            <Sev>1</Sev>
            <Count>4</Count>
        </Issue>
        <Issue>
            <Rank>62</Rank>
            <Msg>1000026</Msg>
            <Sev>1</Sev>
            <Count>4</Count>
        </Issue>
        <Issue>
            <Rank>63</Rank>
            <Msg>1000029</Msg>
            <Sev>1</Sev>
            <Count>4</Count>
        </Issue>
        <Issue>
            <Rank>64</Rank>
            <Msg>1000051</Msg>
            <Sev>1</Sev>
            <Count>4</Count>
        </Issue>
        <Issue>
            <Rank>65</Rank>
            <Msg>63</Msg>
            <Sev>4</Sev>
            <Count>3</Count>
        </Issue>
        <Issue>
            <Rank>66</Rank>
            <Msg>119</Msg>
            <Sev>4</Sev>
            <Count>3</Count>
        </Issue>
        <Issue>
            <Rank>67</Rank>
            <Msg>1000044</Msg>
            <Sev>1</Sev>
            <Count>3</Count>
        </Issue>
        <Issue>
            <Rank>68</Rank>
            <Msg>1025</Msg>
            <Sev>4</Sev>
            <Count>2</Count>
        </Issue>
        <Issue>
            <Rank>69</Rank>
            <Msg>728</Msg>
            <Sev>2</Sev>
            <Count>2</Count>
        </Issue>
        <Issue>
            <Rank>70</Rank>
            <Msg>766</Msg>
            <Sev>2</Sev>
            <Count>2</Count>
        </Issue>
        <Issue>
            <Rank>71</Rank>
            <Msg>1000003</Msg>
            <Sev>1</Sev>
            <Count>2</Count>
        </Issue>
        <Issue>
            <Rank>72</Rank>
            <Msg>1000004</Msg>
            <Sev>1</Sev>
            <Count>2</Count>
        </Issue>
        <Issue>
            <Rank>73</Rank>
            <Msg>1000005</Msg>
            <Sev>1</Sev>
            <Count>2</Count>
        </Issue>
        <Issue>
            <Rank>74</Rank>
            <Msg>1000020</Msg>
            <Sev>1</Sev>
            <Count>2</Count>
        </Issue>
        <Issue>
            <Rank>75</Rank>
            <Msg>1000035</Msg>
            <Sev>1</Sev>
            <Count>2</Count>
        </Issue>
        <Issue>
            <Rank>76</Rank>
            <Msg>1000036</Msg>
            <Sev>1</Sev>
            <Count>2</Count>
        </Issue>
        <Issue>
            <Rank>77</Rank>
            <Msg>1000037</Msg>
            <Sev>1</Sev>
            <Count>2</Count>
        </Issue>
        <Issue>
            <Rank>78</Rank>
            <Msg>1000039</Msg>
            <Sev>1</Sev>
            <Count>2</Count>
        </Issue>
        <Issue>
            <Rank>79</Rank>
            <Msg>1000041</Msg>
            <Sev>1</Sev>
            <Count>2</Count>
        </Issue>
        <Issue>
            <Rank>80</Rank>
            <Msg>1000050</Msg>
            <Sev>1</Sev>
            <Count>2</Count>
        </Issue>
        <Issue>
            <Rank>81</Rank>
            <Msg>133</Msg>
            <Sev>4</Sev>
            <Count>1</Count>
        </Issue>
        <Issue>
            <Rank>82</Rank>
            <Msg>1039</Msg>
            <Sev>4</Sev>
            <Count>1</Count>
        </Issue>
        <Issue>
            <Rank>83</Rank>
            <Msg>1542</Msg>
            <Sev>3</Sev>
            <Count>1</Count>
        </Issue>
        <Issue>
            <Rank>84</Rank>
            <Msg>1703</Msg>
            <Sev>2</Sev>
            <Count>1</Count>
        </Issue>
        <Issue>
            <Rank>85</Rank>
            <Msg>1000012</Msg>
            <Sev>1</Sev>
            <Count>1</Count>
        </Issue>
        <Issue>
            <Rank>86</Rank>
            <Msg>1000013</Msg>
            <Sev>1</Sev>
            <Count>1</Count>
        </Issue>
        <Issue>
            <Rank>87</Rank>
            <Msg>1000014</Msg>
            <Sev>1</Sev>
            <Count>1</Count>
        </Issue>
        <Issue>
            <Rank>88</Rank>
            <Msg>1000015</Msg>
            <Sev>1</Sev>
            <Count>1</Count>
        </Issue>
        <Issue>
            <Rank>89</Rank>
            <Msg>1000023</Msg>
            <Sev>1</Sev>
            <Count>1</Count>
        </Issue>
        <Issue>
            <Rank>90</Rank>
            <Msg>1000028</Msg>
            <Sev>1</Sev>
            <Count>1</Count>
        </Issue>
        <Issue>
            <Rank>91</Rank>
            <Msg>1000032</Msg>
            <Sev>1</Sev>
            <Count>1</Count>
        </Issue>
        <Issue>
            <Rank>92</Rank>
            <Msg>1000042</Msg>
            <Sev>1</Sev>
            <Count>1</Count>
        </Issue>
        <Issue>
            <Rank>93</Rank>
            <Msg>1000043</Msg>
            <Sev>1</Sev>
            <Count>1</Count>
        </Issue>
        <Issue>
            <Rank>94</Rank>
            <Msg>1000045</Msg>
            <Sev>1</Sev>
            <Count>1</Count>
        </Issue>
        <Issue>
            <Rank>95</Rank>
            <Msg>1000046</Msg>
            <Sev>1</Sev>
            <Count>1</Count>
        </Issue>
        <Issue>
            <Rank>96</Rank>
            <Msg>1000052</Msg>
            <Sev>1</Sev>
            <Count>1</Count>
        </Issue>
    </IssueList>
    <MisraVirtualIssues>
        <VirtualIssue>
            <issue>1000000</issue>
            <string>[MISRA C++ Rule 3-9-2]</string>
        </VirtualIssue>
        <VirtualIssue>
            <issue>1000001</issue>
            <string>Violates MISRA C++ 2008 Required Rule 11-0-1</string>
        </VirtualIssue>
        <VirtualIssue>
            <issue>1000002</issue>
            <string>[MISRA C++ Rule 7-1-1]</string>
        </VirtualIssue>
        <VirtualIssue>
            <issue>1000003</issue>
            <string>[MISRA C++ Rules 0-1-11]</string>
        </VirtualIssue>
        <VirtualIssue>
            <issue>1000004</issue>
            <string>[MISRA C++ Rules 0-1-12]</string>
        </VirtualIssue>
        <VirtualIssue>
            <issue>1000005</issue>
            <string>[MISRA C++ Rule 8-5-1]</string>
        </VirtualIssue>
        <VirtualIssue>
            <issue>1000006</issue>
            <string>Violates MISRA C++ 2008 Required Rule 6-4-1</string>
        </VirtualIssue>
        <VirtualIssue>
            <issue>1000007</issue>
            <string>[MISRA C++ Rule 6-6-5]</string>
        </VirtualIssue>
        <VirtualIssue>
            <issue>1000008</issue>
            <string>[MISRA C++ Rule 2-10-6]</string>
        </VirtualIssue>
        <VirtualIssue>
            <issue>1000009</issue>
            <string>[MISRA C++ Rule 3-2-1]</string>
        </VirtualIssue>
        <VirtualIssue>
            <issue>1000010</issue>
            <string>[MISRA C++ Rule 3-2-2]</string>
        </VirtualIssue>
        <VirtualIssue>
            <issue>1000011</issue>
            <string>[MISRA C++ Rule 3-2-4]</string>
        </VirtualIssue>
        <VirtualIssue>
            <issue>1000012</issue>
            <string>[MISRA C++ Rule 18-0-1]</string>
        </VirtualIssue>
        <VirtualIssue>
            <issue>1000013</issue>
            <string>[MISRA C++ Rule 18-0-4]</string>
        </VirtualIssue>
        <VirtualIssue>
            <issue>1000014</issue>
            <string>[MISRA C++ Rule 18-7-1]</string>
        </VirtualIssue>
        <VirtualIssue>
            <issue>1000015</issue>
            <string>[MISRA C++ Rule 27-0-1]</string>
        </VirtualIssue>
        <VirtualIssue>
            <issue>1000016</issue>
            <string>Violates MISRA C++ 2008 Required Rule 7-3-4</string>
        </VirtualIssue>
        <VirtualIssue>
            <issue>1000017</issue>
            <string>Violates MISRA C++ 2008 Advisory Rule 5-0-2</string>
        </VirtualIssue>
        <VirtualIssue>
            <issue>1000018</issue>
            <string>Violates MISRA C++ 2008 Advisory Rule 14-8-2</string>
        </VirtualIssue>
        <VirtualIssue>
            <issue>1000019</issue>
            <string>Violates MISRA C++ 2008 Required Rule 8-4-4</string>
        </VirtualIssue>
        <VirtualIssue>
            <issue>1000020</issue>
            <string>Violates MISRA C++ 2008 Required Rule 5-0-4</string>
        </VirtualIssue>
        <VirtualIssue>
            <issue>1000021</issue>
            <string>Violates MISRA C++ 2008 Required Rule 16-0-6</string>
        </VirtualIssue>
        <VirtualIssue>
            <issue>1000022</issue>
            <string>Violates MISRA C++ 2008 Required Rule 3-2-3</string>
        </VirtualIssue>
        <VirtualIssue>
            <issue>1000023</issue>
            <string>[MISRA C++ Rule 2-10-2]</string>
        </VirtualIssue>
        <VirtualIssue>
            <issue>1000024</issue>
            <string>[MISRA C++ Rule 18-0-3]</string>
        </VirtualIssue>
        <VirtualIssue>
            <issue>1000025</issue>
            <string>[MISRA C++ Rules 0-1-7]</string>
        </VirtualIssue>
        <VirtualIssue>
            <issue>1000026</issue>
            <string>[MISRA C++ Rules 0-3-2]</string>
        </VirtualIssue>
        <VirtualIssue>
            <issue>1000027</issue>
            <string>Violates MISRA C++ 2008 Required Rule 5-0-15</string>
        </VirtualIssue>
        <VirtualIssue>
            <issue>1000028</issue>
            <string>[MISRA C++ Rule 5-2-7]</string>
        </VirtualIssue>
        <VirtualIssue>
            <issue>1000029</issue>
            <string>[MISRA C++ Rule 0-1-1]</string>
        </VirtualIssue>
        <VirtualIssue>
            <issue>1000030</issue>
            <string>Violates MISRA C++ 2008 Required Rule 7-3-1</string>
        </VirtualIssue>
        <VirtualIssue>
            <issue>1000031</issue>
            <string>Violates MISRA C++ 2008 Required Rule 5-0-21</string>
        </VirtualIssue>
        <VirtualIssue>
            <issue>1000032</issue>
            <string>[MISRA C++ Rule 0-1-4]</string>
        </VirtualIssue>
        <VirtualIssue>
            <issue>1000033</issue>
            <string>Violates MISRA C++ 2008 Required Rule 5-2-1</string>
        </VirtualIssue>
        <VirtualIssue>
            <issue>1000034</issue>
            <string>Violates MISRA C++ 2008 Required Rule 5-14-1</string>
        </VirtualIssue>
        <VirtualIssue>
            <issue>1000035</issue>
            <string>[MISRA C++ Rules 5-0-13]</string>
        </VirtualIssue>
        <VirtualIssue>
            <issue>1000036</issue>
            <string>[MISRA C++ Rules 5-0-14]</string>
        </VirtualIssue>
        <VirtualIssue>
            <issue>1000037</issue>
            <string>[MISRA C++ Rule 5-3-1]</string>
        </VirtualIssue>
        <VirtualIssue>
            <issue>1000038</issue>
            <string>[MISRA C++ Rule 4-10-2]</string>
        </VirtualIssue>
        <VirtualIssue>
            <issue>1000039</issue>
            <string>Violates MISRA C++ 2008 Advisory Rule 5-2-10</string>
        </VirtualIssue>
        <VirtualIssue>
            <issue>1000040</issue>
            <string>[MISRA C++ Rule 18-0-5]</string>
        </VirtualIssue>
        <VirtualIssue>
            <issue>1000041</issue>
            <string>Violates MISRA C++ 2008 Required Rule 6-2-1</string>
        </VirtualIssue>
        <VirtualIssue>
            <issue>1000042</issue>
            <string>Violates MISRA C++ 2008 Required Rule 5-2-12</string>
        </VirtualIssue>
        <VirtualIssue>
            <issue>1000043</issue>
            <string>Violates MISRA C++ 2008 Required Rule 8-0-1</string>
        </VirtualIssue>
        <VirtualIssue>
            <issue>1000044</issue>
            <string>[MISRA C++ Rule 18-0-2]</string>
        </VirtualIssue>
        <VirtualIssue>
            <issue>1000045</issue>
            <string>[MISRA C++ Rule 9-3-3]</string>
        </VirtualIssue>
        <VirtualIssue>
            <issue>1000046</issue>
            <string>[MISRA C++ Rule 12-8-1]</string>
        </VirtualIssue>
        <VirtualIssue>
            <issue>1000047</issue>
            <string>[MISRA C++ Rule 5-0-15]</string>
        </VirtualIssue>
        <VirtualIssue>
            <issue>1000048</issue>
            <string>[MISRA C++ Rule 5-0-17]</string>
        </VirtualIssue>
        <VirtualIssue>
            <issue>1000049</issue>
            <string>[MISRA C++ Rule 5-0-18]</string>
        </VirtualIssue>
        <VirtualIssue>
            <issue>1000050</issue>
            <string>[MISRA C++ Rule 9-3-1]</string>
        </VirtualIssue>
        <VirtualIssue>
            <issue>1000051</issue>
            <string>Violates MISRA C++ 2008 Required Rule 5-0-9</string>
        </VirtualIssue>
        <VirtualIssue>
            <issue>1000052</issue>
            <string>Violates MISRA C++ 2008 Required Rule 5-3-1</string>
        </VirtualIssue>
        <VirtualIssue>
            <issue>1000053</issue>
            <string>Violates MISRA C++ 2008 Required Rule 0-1-8</string>
        </VirtualIssue>
    </MisraVirtualIssues>
</Aloa>
