
Total number of issues found : 5912
Total severity score ....... : 14047

File List
-----------

   Rank  Score Issues     MMsg MSev   File

      1   2004   1002      830    2   Z:/usr/include/c++/5/ostream
      2   1696    424       40    4   Z:/usr/include/c++/5/cwchar
      3   1462    425     1062    4   Z:/usr/include/c++/5/bits/basic_string.tcc
      4   1193    982     1066    4   Z:/home/ralf/work/aloa/src/ClassicMetricsReporter.cpp
      5   1024    256       40    4   Z:/usr/include/c++/5/bits/basic_string.h
      6    879    503     1066    4   Z:/home/ralf/work/aloa/src/Aloa.cpp
      7    602    169       40    4   Z:/usr/include/c++/5/iosfwd
      8    484    170     1066    4   Z:/usr/include/c++/5/bits/locale_classes.tcc
      9    368    134     1066    4   Z:/usr/include/c++/5/bits/locale_facets.tcc
     10    360    167       10    4   Z:/home/ralf/work/aloa/src/XmlMetricsReporter.cpp
     11    308    161       10    4   Z:/home/ralf/work/aloa/src/File.h
     12    240     60       40    4   Z:/usr/include/c++/5/cstdlib
     13    230    110       10    4   Z:/home/ralf/work/aloa/src/Issue.h
     14    210    104       49    4   Z:/usr/include/c++/5/bits/locale_classes.h
     15    209    120     1066    4   Z:/home/ralf/work/aloa/src/MisraParser.cpp
     16    205     92       10    4   Z:/home/ralf/work/aloa/src/Aloa.h
     17    194     80     1066    4   Z:/usr/include/c++/5/bits/locale_facets.h
     18    176     44       49    4   Z:/usr/include/c++/5/stdexcept
     19    170     50       40    4   Z:/home/ralf/work/aloa/src/MetricsTypes.h
     20    162     54     1066    4   Z:/usr/include/c++/5/bits/stl_tree.h
     21    156     56       40    4   Z:/home/ralf/work/aloa/src/MisraParser.h
     22    156     47       96    4   Z:/usr/include/string.h
     23    153     51     1066    4   Z:/home/ralf/work/aloa/src/MetricsBuilder.cpp
     24    143     94       10    4   Z:/home/ralf/work/aloa/src/Main.cpp
     25    142     65     1066    4   Z:/usr/include/c++/5/istream
     26    112     28       40    4   Z:/usr/include/c++/5/cstring
     27     92     24       40    4   Z:/usr/include/c++/5/bits/sstream.tcc
     28     84     21     1066    4   Z:/usr/include/c++/5/bits/istream.tcc
     29     78     78  1000000    1   Z:/home/ralf/work/aloa/src/IssueTable.h
     30     76     19     1066    4   Z:/usr/include/c++/5/bits/algorithmfwd.h
     31     74     22       96    4   Z:/usr/include/wchar.h
     32     67     38       10    4   Z:/home/ralf/work/aloa/src/MetricsBuilder.h
     33     50     50  1000053    1   <unknown>
     34     44     38      830    2   Z:/home/ralf/work/aloa/src/IssueTable.cpp
     35     44     13       96    4   Z:/usr/include/stdlib.h
     36     40     17       10    4   Z:/home/ralf/work/aloa/src/XmlMetricsReporter.h
     37     40     10     1066    4   Z:/usr/include/c++/5/bits/ostream.tcc
     38     40     20      830    2   Z:/usr/include/c++/5/bits/stl_algobase.h
     39     36     12     1066    4   Z:/usr/include/c++/5/bits/char_traits.h
     40     36     10       49    4   Z:/usr/include/c++/5/streambuf
     41     33     21     1039    4   Z:/home/ralf/work/aloa/src/File.cpp
     42     27     11       10    4   Z:/home/ralf/work/aloa/src/Issue.cpp
     43     24     12      601    3   Z:/home/ralf/work/aloa/src/MisraStringIssue.h
     44     24      6     1066    4   Z:/usr/include/c++/5/bits/basic_ios.tcc
     45     16      4       49    4   Z:/usr/include/c++/5/bits/ios_base.h
     46     16      4     1066    4   Z:/usr/include/x86_64-linux-gnu/c++/5/bits/ctype_inline.h
     47     14     11      830    2   Z:/home/ralf/work/aloa/src/MetricsReporter.h
     48     12      8      830    2   Z:/home/ralf/work/aloa/src/ClassicMetricsReporter.h
     49     12      6      830    2   Z:/usr/include/c++/5/bits/basic_ios.h
     50     12      3     1066    4   Z:/usr/include/c++/5/bits/streambuf_iterator.h
     51      8      2     1066    4   Z:/usr/include/c++/5/bits/streambuf.tcc
     52      6      2     1066    4   Z:/usr/include/c++/5/bits/stl_tempbuf.h
     53      4      2      830    2   Z:/usr/include/c++/5/bits/move.h

Issue List
----------

   Rank      Msg  Sev  Count

      1      830    2   1555
      2  1000018    1   1034
      3       40    4    865
      4       49    4    338
      5  1000000    1    322
      6  1000017    1    177
      7     1066    4    163
      8     1098    4    112
      9       36    4    102
     10       10    4     82
     11       19    4     76
     12     1062    4     71
     13  1000019    1     61
     14  1000009    1     52
     15  1000053    1     50
     16     1013    4     45
     17      808    2     43
     18     1054    4     37
     19  1000010    1     36
     20  1000011    1     36
     21  1000021    1     36
     22       14    4     33
     23  1000002    1     33
     24  1000001    1     30
     25       96    4     28
     26     1087    4     24
     27     1055    4     23
     28       55    4     22
     29  1000007    1     19
     30       60    4     18
     31     1073    4     18
     32  1000027    1     17
     33      601    3     16
     34  1000008    1     16
     35       64    4     14
     36     1023    4     14
     37      526    3     14
     38      628    3     14
     39      746    2     14
     40      701    2     13
     41     1793    2     13
     42  1000022    1     13
     43  1000031    1     13
     44       59    4     12
     45  1000006    1     12
     46  1000033    1     11
     47      522    3     10
     48  1000047    1      9
     49  1000048    1      9
     50  1000049    1      9
     51       26    4      8
     52      118    4      8
     53  1000030    1      7
     54  1000038    1      7
     55  1000040    1      7
     56  1000016    1      6
     57      730    2      5
     58  1000034    1      5
     59      504    3      4
     60  1000024    1      4
     61  1000025    1      4
     62  1000026    1      4
     63  1000029    1      4
     64  1000051    1      4
     65       63    4      3
     66      119    4      3
     67  1000044    1      3
     68     1025    4      2
     69      728    2      2
     70      766    2      2
     71  1000003    1      2
     72  1000004    1      2
     73  1000005    1      2
     74  1000020    1      2
     75  1000035    1      2
     76  1000036    1      2
     77  1000037    1      2
     78  1000039    1      2
     79  1000041    1      2
     80  1000050    1      2
     81      133    4      1
     82     1039    4      1
     83     1542    3      1
     84     1703    2      1
     85  1000012    1      1
     86  1000013    1      1
     87  1000014    1      1
     88  1000015    1      1
     89  1000023    1      1
     90  1000028    1      1
     91  1000032    1      1
     92  1000042    1      1
     93  1000043    1      1
     94  1000045    1      1
     95  1000046    1      1
     96  1000052    1      1

MISRA Virtual Issues
--------------------

   1000000 [MISRA C++ Rule 3-9-2]
   1000001 Violates MISRA C++ 2008 Required Rule 11-0-1
   1000002 [MISRA C++ Rule 7-1-1]
   1000003 [MISRA C++ Rules 0-1-11]
   1000004 [MISRA C++ Rules 0-1-12]
   1000005 [MISRA C++ Rule 8-5-1]
   1000006 Violates MISRA C++ 2008 Required Rule 6-4-1
   1000007 [MISRA C++ Rule 6-6-5]
   1000008 [MISRA C++ Rule 2-10-6]
   1000009 [MISRA C++ Rule 3-2-1]
   1000010 [MISRA C++ Rule 3-2-2]
   1000011 [MISRA C++ Rule 3-2-4]
   1000012 [MISRA C++ Rule 18-0-1]
   1000013 [MISRA C++ Rule 18-0-4]
   1000014 [MISRA C++ Rule 18-7-1]
   1000015 [MISRA C++ Rule 27-0-1]
   1000016 Violates MISRA C++ 2008 Required Rule 7-3-4
   1000017 Violates MISRA C++ 2008 Advisory Rule 5-0-2
   1000018 Violates MISRA C++ 2008 Advisory Rule 14-8-2
   1000019 Violates MISRA C++ 2008 Required Rule 8-4-4
   1000020 Violates MISRA C++ 2008 Required Rule 5-0-4
   1000021 Violates MISRA C++ 2008 Required Rule 16-0-6
   1000022 Violates MISRA C++ 2008 Required Rule 3-2-3
   1000023 [MISRA C++ Rule 2-10-2]
   1000024 [MISRA C++ Rule 18-0-3]
   1000025 [MISRA C++ Rules 0-1-7]
   1000026 [MISRA C++ Rules 0-3-2]
   1000027 Violates MISRA C++ 2008 Required Rule 5-0-15
   1000028 [MISRA C++ Rule 5-2-7]
   1000029 [MISRA C++ Rule 0-1-1]
   1000030 Violates MISRA C++ 2008 Required Rule 7-3-1
   1000031 Violates MISRA C++ 2008 Required Rule 5-0-21
   1000032 [MISRA C++ Rule 0-1-4]
   1000033 Violates MISRA C++ 2008 Required Rule 5-2-1
   1000034 Violates MISRA C++ 2008 Required Rule 5-14-1
   1000035 [MISRA C++ Rules 5-0-13]
   1000036 [MISRA C++ Rules 5-0-14]
   1000037 [MISRA C++ Rule 5-3-1]
   1000038 [MISRA C++ Rule 4-10-2]
   1000039 Violates MISRA C++ 2008 Advisory Rule 5-2-10
   1000040 [MISRA C++ Rule 18-0-5]
   1000041 Violates MISRA C++ 2008 Required Rule 6-2-1
   1000042 Violates MISRA C++ 2008 Required Rule 5-2-12
   1000043 Violates MISRA C++ 2008 Required Rule 8-0-1
   1000044 [MISRA C++ Rule 18-0-2]
   1000045 [MISRA C++ Rule 9-3-3]
   1000046 [MISRA C++ Rule 12-8-1]
   1000047 [MISRA C++ Rule 5-0-15]
   1000048 [MISRA C++ Rule 5-0-17]
   1000049 [MISRA C++ Rule 5-0-18]
   1000050 [MISRA C++ Rule 9-3-1]
   1000051 Violates MISRA C++ 2008 Required Rule 5-0-9
   1000052 Violates MISRA C++ 2008 Required Rule 5-3-1
   1000053 Violates MISRA C++ 2008 Required Rule 0-1-8

Legend
------

Severity level   1 : Elective note
Severity level   2 : Informational
Severity level   3 : Warning
Severity level   4 : Syntax error
Severity level 999 : PC-Lint error

Score  Severity score
MMsg   Number of issue with the highest severity encountered
MSev   Severity level of the severest issue encountered
Msg    Lint issue number
Sev    Issue severity level
Count  Total number of occurrences of issue in project
Issues Total number of issues in file

