<?xml version="1.0" ?>
<Aloa>
    <TotalIssuesCount>7673</TotalIssuesCount>
    <TotalSeverityScore>19475</TotalSeverityScore>
    <FileList>
        <File>
            <Name>subst.c</Name>
            <Rank>1</Rank>
            <Score>2322</Score>
            <Issues>1043</Issues>
            <MMsg>537</MMsg>
            <MSev>3</MSev>
        </File>
        <File>
            <Name>jobs.c</Name>
            <Rank>2</Rank>
            <Score>1062</Score>
            <Issues>410</Issues>
            <MMsg>123</MMsg>
            <MSev>4</MSev>
        </File>
        <File>
            <Name>variables.c</Name>
            <Rank>3</Rank>
            <Score>1034</Score>
            <Issues>454</Issues>
            <MMsg>40</MMsg>
            <MSev>4</MSev>
        </File>
        <File>
            <Name>xmalloc.h</Name>
            <Rank>4</Rank>
            <Score>1021</Score>
            <Issues>380</Issues>
            <MMsg>537</MMsg>
            <MSev>3</MSev>
        </File>
        <File>
            <Name>&lt;unknown&gt;</Name>
            <Rank>5</Rank>
            <Score>999</Score>
            <Issues>1</Issues>
            <MMsg>305</MMsg>
            <MSev>999</MSev>
        </File>
        <File>
            <Name>bashline.c</Name>
            <Rank>6</Rank>
            <Score>973</Score>
            <Issues>415</Issues>
            <MMsg>537</MMsg>
            <MSev>3</MSev>
        </File>
        <File>
            <Name>execute_cmd.c</Name>
            <Rank>7</Rank>
            <Score>886</Score>
            <Issues>370</Issues>
            <MMsg>123</MMsg>
            <MSev>4</MSev>
        </File>
        <File>
            <Name>general.h</Name>
            <Rank>8</Rank>
            <Score>720</Score>
            <Issues>247</Issues>
            <MMsg>10</MMsg>
            <MSev>4</MSev>
        </File>
        <File>
            <Name>variables.h</Name>
            <Rank>9</Rank>
            <Score>681</Score>
            <Issues>298</Issues>
            <MMsg>49</MMsg>
            <MSev>4</MSev>
        </File>
        <File>
            <Name>y.tab.c</Name>
            <Rank>10</Rank>
            <Score>494</Score>
            <Issues>213</Issues>
            <MMsg>652</MMsg>
            <MSev>3</MSev>
        </File>
        <File>
            <Name>\usr\include\signal.h</Name>
            <Rank>11</Rank>
            <Score>372</Score>
            <Issues>186</Issues>
            <MMsg>830</MMsg>
            <MSev>2</MSev>
        </File>
        <File>
            <Name>externs.h</Name>
            <Rank>12</Rank>
            <Score>363</Score>
            <Issues>122</Issues>
            <MMsg>18</MMsg>
            <MSev>4</MSev>
        </File>
        <File>
            <Name>dispose_cmd.c</Name>
            <Rank>13</Rank>
            <Score>320</Score>
            <Issues>125</Issues>
            <MMsg>641</MMsg>
            <MSev>3</MSev>
        </File>
        <File>
            <Name>pcomplete.c</Name>
            <Rank>14</Rank>
            <Score>311</Score>
            <Issues>137</Issues>
            <MMsg>158</MMsg>
            <MSev>4</MSev>
        </File>
        <File>
            <Name>nojobs.c</Name>
            <Rank>15</Rank>
            <Score>303</Score>
            <Issues>107</Issues>
            <MMsg>14</MMsg>
            <MSev>4</MSev>
        </File>
        <File>
            <Name>shell.c</Name>
            <Rank>16</Rank>
            <Score>290</Score>
            <Issues>115</Issues>
            <MMsg>14</MMsg>
            <MSev>4</MSev>
        </File>
        <File>
            <Name>arrayfunc.c</Name>
            <Rank>17</Rank>
            <Score>283</Score>
            <Issues>125</Issues>
            <MMsg>537</MMsg>
            <MSev>3</MSev>
        </File>
        <File>
            <Name>sig.h</Name>
            <Rank>18</Rank>
            <Score>271</Score>
            <Issues>104</Issues>
            <MMsg>10</MMsg>
            <MSev>4</MSev>
        </File>
        <File>
            <Name>redir.c</Name>
            <Rank>19</Rank>
            <Score>268</Score>
            <Issues>118</Issues>
            <MMsg>537</MMsg>
            <MSev>3</MSev>
        </File>
        <File>
            <Name>print_cmd.c</Name>
            <Rank>20</Rank>
            <Score>267</Score>
            <Issues>106</Issues>
            <MMsg>124</MMsg>
            <MSev>4</MSev>
        </File>
        <File>
            <Name>array.c</Name>
            <Rank>21</Rank>
            <Score>266</Score>
            <Issues>119</Issues>
            <MMsg>537</MMsg>
            <MSev>3</MSev>
        </File>
        <File>
            <Name>expr.c</Name>
            <Rank>22</Rank>
            <Score>266</Score>
            <Issues>122</Issues>
            <MMsg>537</MMsg>
            <MSev>3</MSev>
        </File>
        <File>
            <Name>array.h</Name>
            <Rank>23</Rank>
            <Score>235</Score>
            <Issues>72</Issues>
            <MMsg>10</MMsg>
            <MSev>4</MSev>
        </File>
        <File>
            <Name>test.c</Name>
            <Rank>24</Rank>
            <Score>215</Score>
            <Issues>90</Issues>
            <MMsg>64</MMsg>
            <MSev>4</MSev>
        </File>
        <File>
            <Name>braces.c</Name>
            <Rank>25</Rank>
            <Score>205</Score>
            <Issues>87</Issues>
            <MMsg>18</MMsg>
            <MSev>4</MSev>
        </File>
        <File>
            <Name>trap.c</Name>
            <Rank>26</Rank>
            <Score>202</Score>
            <Issues>74</Issues>
            <MMsg>537</MMsg>
            <MSev>3</MSev>
        </File>
        <File>
            <Name>shell.h</Name>
            <Rank>27</Rank>
            <Score>182</Score>
            <Issues>84</Issues>
            <MMsg>114</MMsg>
            <MSev>4</MSev>
        </File>
        <File>
            <Name>lib\readline\readline.h</Name>
            <Rank>28</Rank>
            <Score>178</Score>
            <Issues>89</Issues>
            <MMsg>830</MMsg>
            <MSev>2</MSev>
        </File>
        <File>
            <Name>assoc.c</Name>
            <Rank>29</Rank>
            <Score>168</Score>
            <Issues>73</Issues>
            <MMsg>537</MMsg>
            <MSev>3</MSev>
        </File>
        <File>
            <Name>syntax.h</Name>
            <Rank>30</Rank>
            <Score>168</Score>
            <Issues>84</Issues>
            <MMsg>830</MMsg>
            <MSev>2</MSev>
        </File>
        <File>
            <Name>sig.c</Name>
            <Rank>31</Rank>
            <Score>161</Score>
            <Issues>64</Issues>
            <MMsg>537</MMsg>
            <MSev>3</MSev>
        </File>
        <File>
            <Name>general.c</Name>
            <Rank>32</Rank>
            <Score>156</Score>
            <Issues>68</Issues>
            <MMsg>537</MMsg>
            <MSev>3</MSev>
        </File>
        <File>
            <Name>quit.h</Name>
            <Rank>33</Rank>
            <Score>148</Score>
            <Issues>74</Issues>
            <MMsg>773</MMsg>
            <MSev>2</MSev>
        </File>
        <File>
            <Name>subst.h</Name>
            <Rank>34</Rank>
            <Score>135</Score>
            <Issues>47</Issues>
            <MMsg>18</MMsg>
            <MSev>4</MSev>
        </File>
        <File>
            <Name>make_cmd.c</Name>
            <Rank>35</Rank>
            <Score>133</Score>
            <Issues>64</Issues>
            <MMsg>537</MMsg>
            <MSev>3</MSev>
        </File>
        <File>
            <Name>assoc.h</Name>
            <Rank>36</Rank>
            <Score>127</Score>
            <Issues>42</Issues>
            <MMsg>49</MMsg>
            <MSev>4</MSev>
        </File>
        <File>
            <Name>locale.c</Name>
            <Rank>37</Rank>
            <Score>113</Score>
            <Issues>46</Issues>
            <MMsg>40</MMsg>
            <MSev>4</MSev>
        </File>
        <File>
            <Name>error.h</Name>
            <Rank>38</Rank>
            <Score>108</Score>
            <Issues>36</Issues>
            <MMsg>537</MMsg>
            <MSev>3</MSev>
        </File>
        <File>
            <Name>hashlib.h</Name>
            <Rank>39</Rank>
            <Score>108</Score>
            <Issues>36</Issues>
            <MMsg>537</MMsg>
            <MSev>3</MSev>
        </File>
        <File>
            <Name>\usr\include\unistd.h</Name>
            <Rank>40</Rank>
            <Score>106</Score>
            <Issues>53</Issues>
            <MMsg>830</MMsg>
            <MSev>2</MSev>
        </File>
        <File>
            <Name>dispose_cmd.h</Name>
            <Rank>41</Rank>
            <Score>105</Score>
            <Issues>35</Issues>
            <MMsg>537</MMsg>
            <MSev>3</MSev>
        </File>
        <File>
            <Name>make_cmd.h</Name>
            <Rank>42</Rank>
            <Score>105</Score>
            <Issues>35</Issues>
            <MMsg>537</MMsg>
            <MSev>3</MSev>
        </File>
        <File>
            <Name>unwind_prot.c</Name>
            <Rank>43</Rank>
            <Score>105</Score>
            <Issues>42</Issues>
            <MMsg>78</MMsg>
            <MSev>4</MSev>
        </File>
        <File>
            <Name>\usr\include\stdio.h</Name>
            <Rank>44</Rank>
            <Score>104</Score>
            <Issues>44</Issues>
            <MMsg>18</MMsg>
            <MSev>4</MSev>
        </File>
        <File>
            <Name>error.c</Name>
            <Rank>45</Rank>
            <Score>104</Score>
            <Issues>41</Issues>
            <MMsg>537</MMsg>
            <MSev>3</MSev>
        </File>
        <File>
            <Name>builtins\common.h</Name>
            <Rank>46</Rank>
            <Score>102</Score>
            <Issues>40</Issues>
            <MMsg>18</MMsg>
            <MSev>4</MSev>
        </File>
        <File>
            <Name>builtins\builtext.h</Name>
            <Rank>47</Rank>
            <Score>100</Score>
            <Issues>50</Issues>
            <MMsg>762</MMsg>
            <MSev>2</MSev>
        </File>
        <File>
            <Name>.\y.tab.h</Name>
            <Rank>48</Rank>
            <Score>92</Score>
            <Issues>46</Issues>
            <MMsg>830</MMsg>
            <MSev>2</MSev>
        </File>
        <File>
            <Name>input.c</Name>
            <Rank>49</Rank>
            <Score>91</Score>
            <Issues>42</Issues>
            <MMsg>537</MMsg>
            <MSev>3</MSev>
        </File>
        <File>
            <Name>copy_cmd.c</Name>
            <Rank>50</Rank>
            <Score>89</Score>
            <Issues>42</Issues>
            <MMsg>537</MMsg>
            <MSev>3</MSev>
        </File>
        <File>
            <Name>jobs.h</Name>
            <Rank>51</Rank>
            <Score>89</Score>
            <Issues>36</Issues>
            <MMsg>537</MMsg>
            <MSev>3</MSev>
        </File>
        <File>
            <Name>findcmd.c</Name>
            <Rank>52</Rank>
            <Score>83</Score>
            <Issues>36</Issues>
            <MMsg>537</MMsg>
            <MSev>3</MSev>
        </File>
        <File>
            <Name>trap.h</Name>
            <Rank>53</Rank>
            <Score>82</Score>
            <Issues>37</Issues>
            <MMsg>537</MMsg>
            <MSev>3</MSev>
        </File>
        <File>
            <Name>alias.c</Name>
            <Rank>54</Rank>
            <Score>81</Score>
            <Issues>38</Issues>
            <MMsg>537</MMsg>
            <MSev>3</MSev>
        </File>
        <File>
            <Name>stringlib.c</Name>
            <Rank>55</Rank>
            <Score>80</Score>
            <Issues>36</Issues>
            <MMsg>537</MMsg>
            <MSev>3</MSev>
        </File>
        <File>
            <Name>\usr\include\stdlib.h</Name>
            <Rank>56</Rank>
            <Score>78</Score>
            <Issues>39</Issues>
            <MMsg>830</MMsg>
            <MSev>2</MSev>
        </File>
        <File>
            <Name>mksyntax.c</Name>
            <Rank>57</Rank>
            <Score>78</Score>
            <Issues>33</Issues>
            <MMsg>537</MMsg>
            <MSev>3</MSev>
        </File>
        <File>
            <Name>\usr\include\bits\stat.h</Name>
            <Rank>58</Rank>
            <Score>70</Score>
            <Issues>21</Issues>
            <MMsg>114</MMsg>
            <MSev>4</MSev>
        </File>
        <File>
            <Name>bashhist.c</Name>
            <Rank>59</Rank>
            <Score>66</Score>
            <Issues>26</Issues>
            <MMsg>537</MMsg>
            <MSev>3</MSev>
        </File>
        <File>
            <Name>builtins.h</Name>
            <Rank>60</Rank>
            <Score>63</Score>
            <Issues>21</Issues>
            <MMsg>537</MMsg>
            <MSev>3</MSev>
        </File>
        <File>
            <Name>mailcheck.c</Name>
            <Rank>61</Rank>
            <Score>62</Score>
            <Issues>26</Issues>
            <MMsg>537</MMsg>
            <MSev>3</MSev>
        </File>
        <File>
            <Name>flags.h</Name>
            <Rank>62</Rank>
            <Score>61</Score>
            <Issues>23</Issues>
            <MMsg>537</MMsg>
            <MSev>3</MSev>
        </File>
        <File>
            <Name>pathexp.c</Name>
            <Rank>63</Rank>
            <Score>59</Score>
            <Issues>26</Issues>
            <MMsg>537</MMsg>
            <MSev>3</MSev>
        </File>
        <File>
            <Name>eval.c</Name>
            <Rank>64</Rank>
            <Score>56</Score>
            <Issues>23</Issues>
            <MMsg>537</MMsg>
            <MSev>3</MSev>
        </File>
        <File>
            <Name>hashlib.c</Name>
            <Rank>65</Rank>
            <Score>56</Score>
            <Issues>24</Issues>
            <MMsg>537</MMsg>
            <MSev>3</MSev>
        </File>
        <File>
            <Name>version.c</Name>
            <Rank>66</Rank>
            <Score>50</Score>
            <Issues>17</Issues>
            <MMsg>18</MMsg>
            <MSev>4</MSev>
        </File>
        <File>
            <Name>input.h</Name>
            <Rank>67</Rank>
            <Score>47</Score>
            <Issues>17</Issues>
            <MMsg>537</MMsg>
            <MSev>3</MSev>
        </File>
        <File>
            <Name>bracecomp.c</Name>
            <Rank>68</Rank>
            <Score>46</Score>
            <Issues>21</Issues>
            <MMsg>537</MMsg>
            <MSev>3</MSev>
        </File>
        <File>
            <Name>bashhist.h</Name>
            <Rank>69</Rank>
            <Score>41</Score>
            <Issues>16</Issues>
            <MMsg>537</MMsg>
            <MSev>3</MSev>
        </File>
        <File>
            <Name>alias.h</Name>
            <Rank>70</Rank>
            <Score>39</Score>
            <Issues>13</Issues>
            <MMsg>537</MMsg>
            <MSev>3</MSev>
        </File>
        <File>
            <Name>\usr\include\fcntl.h</Name>
            <Rank>71</Rank>
            <Score>38</Score>
            <Issues>16</Issues>
            <MMsg>18</MMsg>
            <MSev>4</MSev>
        </File>
        <File>
            <Name>flags.c</Name>
            <Rank>72</Rank>
            <Score>38</Score>
            <Issues>18</Issues>
            <MMsg>534</MMsg>
            <MSev>3</MSev>
        </File>
        <File>
            <Name>execute_cmd.h</Name>
            <Rank>73</Rank>
            <Score>35</Score>
            <Issues>12</Issues>
            <MMsg>537</MMsg>
            <MSev>3</MSev>
        </File>
        <File>
            <Name>pathexp.h</Name>
            <Rank>74</Rank>
            <Score>32</Score>
            <Issues>16</Issues>
            <MMsg>773</MMsg>
            <MSev>2</MSev>
        </File>
        <File>
            <Name>pcomplete.h</Name>
            <Rank>75</Rank>
            <Score>32</Score>
            <Issues>11</Issues>
            <MMsg>537</MMsg>
            <MSev>3</MSev>
        </File>
        <File>
            <Name>bashtypes.h</Name>
            <Rank>76</Rank>
            <Score>30</Score>
            <Issues>10</Issues>
            <MMsg>537</MMsg>
            <MSev>3</MSev>
        </File>
        <File>
            <Name>\usr\include\bits\fcntl.h</Name>
            <Rank>77</Rank>
            <Score>26</Score>
            <Issues>8</Issues>
            <MMsg>18</MMsg>
            <MSev>4</MSev>
        </File>
        <File>
            <Name>hashcmd.h</Name>
            <Rank>78</Rank>
            <Score>26</Score>
            <Issues>9</Issues>
            <MMsg>537</MMsg>
            <MSev>3</MSev>
        </File>
        <File>
            <Name>pcomplib.c</Name>
            <Rank>79</Rank>
            <Score>25</Score>
            <Issues>11</Issues>
            <MMsg>537</MMsg>
            <MSev>3</MSev>
        </File>
        <File>
            <Name>\usr\include\sys\select.h</Name>
            <Rank>80</Rank>
            <Score>24</Score>
            <Issues>8</Issues>
            <MMsg>18</MMsg>
            <MSev>4</MSev>
        </File>
        <File>
            <Name>\usr\include\libio.h</Name>
            <Rank>81</Rank>
            <Score>22</Score>
            <Issues>11</Issues>
            <MMsg>830</MMsg>
            <MSev>2</MSev>
        </File>
        <File>
            <Name>bashline.h</Name>
            <Rank>82</Rank>
            <Score>20</Score>
            <Issues>7</Issues>
            <MMsg>537</MMsg>
            <MSev>3</MSev>
        </File>
        <File>
            <Name>bashansi.h</Name>
            <Rank>83</Rank>
            <Score>18</Score>
            <Issues>6</Issues>
            <MMsg>537</MMsg>
            <MSev>3</MSev>
        </File>
        <File>
            <Name>findcmd.h</Name>
            <Rank>84</Rank>
            <Score>18</Score>
            <Issues>6</Issues>
            <MMsg>537</MMsg>
            <MSev>3</MSev>
        </File>
        <File>
            <Name>xmalloc.c</Name>
            <Rank>85</Rank>
            <Score>17</Score>
            <Issues>7</Issues>
            <MMsg>528</MMsg>
            <MSev>3</MSev>
        </File>
        <File>
            <Name>\Users\chet\src\bash\src\parse.y</Name>
            <Rank>86</Rank>
            <Score>16</Score>
            <Issues>6</Issues>
            <MMsg>18</MMsg>
            <MSev>4</MSev>
        </File>
        <File>
            <Name>command.h</Name>
            <Rank>87</Rank>
            <Score>16</Score>
            <Issues>5</Issues>
            <MMsg>18</MMsg>
            <MSev>4</MSev>
        </File>
        <File>
            <Name>list.c</Name>
            <Rank>88</Rank>
            <Score>15</Score>
            <Issues>7</Issues>
            <MMsg>516</MMsg>
            <MSev>3</MSev>
        </File>
        <File>
            <Name>lib\readline\history.h</Name>
            <Rank>89</Rank>
            <Score>14</Score>
            <Issues>7</Issues>
            <MMsg>830</MMsg>
            <MSev>2</MSev>
        </File>
        <File>
            <Name>\usr\include\ctype.h</Name>
            <Rank>90</Rank>
            <Score>12</Score>
            <Issues>3</Issues>
            <MMsg>10</MMsg>
            <MSev>4</MSev>
        </File>
        <File>
            <Name>\usr\include\locale.h</Name>
            <Rank>91</Rank>
            <Score>10</Score>
            <Issues>5</Issues>
            <MMsg>830</MMsg>
            <MSev>2</MSev>
        </File>
        <File>
            <Name>\usr\include\stdint.h</Name>
            <Rank>92</Rank>
            <Score>10</Score>
            <Issues>4</Issues>
            <MMsg>36</MMsg>
            <MSev>4</MSev>
        </File>
        <File>
            <Name>redir.h</Name>
            <Rank>93</Rank>
            <Score>10</Score>
            <Issues>4</Issues>
            <MMsg>537</MMsg>
            <MSev>3</MSev>
        </File>
        <File>
            <Name>test.h</Name>
            <Rank>94</Rank>
            <Score>9</Score>
            <Issues>3</Issues>
            <MMsg>537</MMsg>
            <MSev>3</MSev>
        </File>
        <File>
            <Name>\usr\include\libintl.h</Name>
            <Rank>95</Rank>
            <Score>8</Score>
            <Issues>4</Issues>
            <MMsg>830</MMsg>
            <MSev>2</MSev>
        </File>
        <File>
            <Name>\usr\include\sys\resource.h</Name>
            <Rank>96</Rank>
            <Score>8</Score>
            <Issues>4</Issues>
            <MMsg>830</MMsg>
            <MSev>2</MSev>
        </File>
        <File>
            <Name>\usr\include\sys\time.h</Name>
            <Rank>97</Rank>
            <Score>6</Score>
            <Issues>3</Issues>
            <MMsg>830</MMsg>
            <MSev>2</MSev>
        </File>
        <File>
            <Name>builtins\getopt.h</Name>
            <Rank>98</Rank>
            <Score>6</Score>
            <Issues>2</Issues>
            <MMsg>537</MMsg>
            <MSev>3</MSev>
        </File>
        <File>
            <Name>parser.h</Name>
            <Rank>99</Rank>
            <Score>6</Score>
            <Issues>2</Issues>
            <MMsg>537</MMsg>
            <MSev>3</MSev>
        </File>
        <File>
            <Name>\usr\include\getopt.h</Name>
            <Rank>100</Rank>
            <Score>4</Score>
            <Issues>2</Issues>
            <MMsg>830</MMsg>
            <MSev>2</MSev>
        </File>
        <File>
            <Name>\usr\include\strings.h</Name>
            <Rank>101</Rank>
            <Score>4</Score>
            <Issues>2</Issues>
            <MMsg>830</MMsg>
            <MSev>2</MSev>
        </File>
        <File>
            <Name>\usr\include\sys\stat.h</Name>
            <Rank>102</Rank>
            <Score>4</Score>
            <Issues>2</Issues>
            <MMsg>830</MMsg>
            <MSev>2</MSev>
        </File>
        <File>
            <Name>include\shtty.h</Name>
            <Rank>103</Rank>
            <Score>4</Score>
            <Issues>2</Issues>
            <MMsg>830</MMsg>
            <MSev>2</MSev>
        </File>
        <File>
            <Name>\usr\include\inttypes.h</Name>
            <Rank>104</Rank>
            <Score>2</Score>
            <Issues>1</Issues>
            <MMsg>830</MMsg>
            <MSev>2</MSev>
        </File>
        <File>
            <Name>include\ansi_stdlib.h</Name>
            <Rank>105</Rank>
            <Score>2</Score>
            <Issues>1</Issues>
            <MMsg>830</MMsg>
            <MSev>2</MSev>
        </File>
        <File>
            <Name>somefile.cpp</Name>
            <Rank>106</Rank>
            <Score>2</Score>
            <Issues>1</Issues>
            <MMsg>1713</MMsg>
            <MSev>2</MSev>
        </File>
        <File>
            <Name>syntax.c</Name>
            <Rank>107</Rank>
            <Score>2</Score>
            <Issues>1</Issues>
            <MMsg>766</MMsg>
            <MSev>2</MSev>
        </File>
    </FileList>
    <IssueList>
        <Issue>
            <Rank>1</Rank>
            <Msg>830</Msg>
            <Sev>2</Sev>
            <Count>1493</Count>
        </Issue>
        <Issue>
            <Rank>2</Rank>
            <Msg>537</Msg>
            <Sev>3</Sev>
            <Count>841</Count>
        </Issue>
        <Issue>
            <Rank>3</Rank>
            <Msg>534</Msg>
            <Sev>3</Sev>
            <Count>670</Count>
        </Issue>
        <Issue>
            <Rank>4</Rank>
            <Msg>831</Msg>
            <Sev>2</Sev>
            <Count>571</Count>
        </Issue>
        <Issue>
            <Rank>5</Rank>
            <Msg>717</Msg>
            <Sev>2</Sev>
            <Count>460</Count>
        </Issue>
        <Issue>
            <Rank>6</Rank>
            <Msg>773</Msg>
            <Sev>2</Sev>
            <Count>302</Count>
        </Issue>
        <Issue>
            <Rank>7</Rank>
            <Msg>613</Msg>
            <Sev>3</Sev>
            <Count>199</Count>
        </Issue>
        <Issue>
            <Rank>8</Rank>
            <Msg>652</Msg>
            <Sev>3</Sev>
            <Count>199</Count>
        </Issue>
        <Issue>
            <Rank>9</Rank>
            <Msg>737</Msg>
            <Sev>2</Sev>
            <Count>186</Count>
        </Issue>
        <Issue>
            <Rank>10</Rank>
            <Msg>713</Msg>
            <Sev>2</Sev>
            <Count>183</Count>
        </Issue>
        <Issue>
            <Rank>11</Rank>
            <Msg>732</Msg>
            <Sev>2</Sev>
            <Count>175</Count>
        </Issue>
        <Issue>
            <Rank>12</Rank>
            <Msg>826</Msg>
            <Sev>2</Sev>
            <Count>165</Count>
        </Issue>
        <Issue>
            <Rank>13</Rank>
            <Msg>715</Msg>
            <Sev>2</Sev>
            <Count>128</Count>
        </Issue>
        <Issue>
            <Rank>14</Rank>
            <Msg>801</Msg>
            <Sev>2</Sev>
            <Count>89</Count>
        </Issue>
        <Issue>
            <Rank>15</Rank>
            <Msg>762</Msg>
            <Sev>2</Sev>
            <Count>88</Count>
        </Issue>
        <Issue>
            <Rank>16</Rank>
            <Msg>451</Msg>
            <Sev>3</Sev>
            <Count>77</Count>
        </Issue>
        <Issue>
            <Rank>17</Rank>
            <Msg>506</Msg>
            <Sev>3</Sev>
            <Count>77</Count>
        </Issue>
        <Issue>
            <Rank>18</Rank>
            <Msg>747</Msg>
            <Sev>2</Sev>
            <Count>77</Count>
        </Issue>
        <Issue>
            <Rank>19</Rank>
            <Msg>760</Msg>
            <Sev>2</Sev>
            <Count>68</Count>
        </Issue>
        <Issue>
            <Rank>20</Rank>
            <Msg>740</Msg>
            <Sev>2</Sev>
            <Count>66</Count>
        </Issue>
        <Issue>
            <Rank>21</Rank>
            <Msg>18</Msg>
            <Sev>4</Sev>
            <Count>62</Count>
        </Issue>
        <Issue>
            <Rank>22</Rank>
            <Msg>516</Msg>
            <Sev>3</Sev>
            <Count>52</Count>
        </Issue>
        <Issue>
            <Rank>23</Rank>
            <Msg>774</Msg>
            <Sev>2</Sev>
            <Count>51</Count>
        </Issue>
        <Issue>
            <Rank>24</Rank>
            <Msg>611</Msg>
            <Sev>3</Sev>
            <Count>48</Count>
        </Issue>
        <Issue>
            <Rank>25</Rank>
            <Msg>553</Msg>
            <Sev>3</Sev>
            <Count>44</Count>
        </Issue>
        <Issue>
            <Rank>26</Rank>
            <Msg>514</Msg>
            <Sev>3</Sev>
            <Count>43</Count>
        </Issue>
        <Issue>
            <Rank>27</Rank>
            <Msg>720</Msg>
            <Sev>2</Sev>
            <Count>42</Count>
        </Issue>
        <Issue>
            <Rank>28</Rank>
            <Msg>731</Msg>
            <Sev>2</Sev>
            <Count>42</Count>
        </Issue>
        <Issue>
            <Rank>29</Rank>
            <Msg>668</Msg>
            <Sev>3</Sev>
            <Count>40</Count>
        </Issue>
        <Issue>
            <Rank>30</Rank>
            <Msg>683</Msg>
            <Sev>3</Sev>
            <Count>38</Count>
        </Issue>
        <Issue>
            <Rank>31</Rank>
            <Msg>438</Msg>
            <Sev>3</Sev>
            <Count>36</Count>
        </Issue>
        <Issue>
            <Rank>32</Rank>
            <Msg>750</Msg>
            <Sev>2</Sev>
            <Count>36</Count>
        </Issue>
        <Issue>
            <Rank>33</Rank>
            <Msg>788</Msg>
            <Sev>2</Sev>
            <Count>36</Count>
        </Issue>
        <Issue>
            <Rank>34</Rank>
            <Msg>838</Msg>
            <Sev>2</Sev>
            <Count>36</Count>
        </Issue>
        <Issue>
            <Rank>35</Rank>
            <Msg>787</Msg>
            <Sev>2</Sev>
            <Count>35</Count>
        </Issue>
        <Issue>
            <Rank>36</Rank>
            <Msg>746</Msg>
            <Sev>2</Sev>
            <Count>34</Count>
        </Issue>
        <Issue>
            <Rank>37</Rank>
            <Msg>752</Msg>
            <Sev>2</Sev>
            <Count>32</Count>
        </Issue>
        <Issue>
            <Rank>38</Rank>
            <Msg>644</Msg>
            <Sev>3</Sev>
            <Count>29</Count>
        </Issue>
        <Issue>
            <Rank>39</Rank>
            <Msg>550</Msg>
            <Sev>3</Sev>
            <Count>28</Count>
        </Issue>
        <Issue>
            <Rank>40</Rank>
            <Msg>744</Msg>
            <Sev>2</Sev>
            <Count>28</Count>
        </Issue>
        <Issue>
            <Rank>41</Rank>
            <Msg>734</Msg>
            <Sev>2</Sev>
            <Count>27</Count>
        </Issue>
        <Issue>
            <Rank>42</Rank>
            <Msg>14</Msg>
            <Sev>4</Sev>
            <Count>26</Count>
        </Issue>
        <Issue>
            <Rank>43</Rank>
            <Msg>574</Msg>
            <Sev>3</Sev>
            <Count>26</Count>
        </Issue>
        <Issue>
            <Rank>44</Rank>
            <Msg>794</Msg>
            <Sev>2</Sev>
            <Count>26</Count>
        </Issue>
        <Issue>
            <Rank>45</Rank>
            <Msg>712</Msg>
            <Sev>2</Sev>
            <Count>25</Count>
        </Issue>
        <Issue>
            <Rank>46</Rank>
            <Msg>785</Msg>
            <Sev>2</Sev>
            <Count>25</Count>
        </Issue>
        <Issue>
            <Rank>47</Rank>
            <Msg>569</Msg>
            <Sev>3</Sev>
            <Count>24</Count>
        </Issue>
        <Issue>
            <Rank>48</Rank>
            <Msg>616</Msg>
            <Sev>3</Sev>
            <Count>24</Count>
        </Issue>
        <Issue>
            <Rank>49</Rank>
            <Msg>825</Msg>
            <Sev>2</Sev>
            <Count>24</Count>
        </Issue>
        <Issue>
            <Rank>50</Rank>
            <Msg>766</Msg>
            <Sev>2</Sev>
            <Count>22</Count>
        </Issue>
        <Issue>
            <Rank>51</Rank>
            <Msg>646</Msg>
            <Sev>3</Sev>
            <Count>21</Count>
        </Issue>
        <Issue>
            <Rank>52</Rank>
            <Msg>38</Msg>
            <Sev>4</Sev>
            <Count>19</Count>
        </Issue>
        <Issue>
            <Rank>53</Rank>
            <Msg>820</Msg>
            <Sev>2</Sev>
            <Count>19</Count>
        </Issue>
        <Issue>
            <Rank>54</Rank>
            <Msg>528</Msg>
            <Sev>3</Sev>
            <Count>18</Count>
        </Issue>
        <Issue>
            <Rank>55</Rank>
            <Msg>10</Msg>
            <Sev>4</Sev>
            <Count>17</Count>
        </Issue>
        <Issue>
            <Rank>56</Rank>
            <Msg>767</Msg>
            <Sev>2</Sev>
            <Count>17</Count>
        </Issue>
        <Issue>
            <Rank>57</Rank>
            <Msg>443</Msg>
            <Sev>3</Sev>
            <Count>15</Count>
        </Issue>
        <Issue>
            <Rank>58</Rank>
            <Msg>728</Msg>
            <Sev>2</Sev>
            <Count>15</Count>
        </Issue>
        <Issue>
            <Rank>59</Rank>
            <Msg>843</Msg>
            <Sev>2</Sev>
            <Count>13</Count>
        </Issue>
        <Issue>
            <Rank>60</Rank>
            <Msg>40</Msg>
            <Sev>4</Sev>
            <Count>12</Count>
        </Issue>
        <Issue>
            <Rank>61</Rank>
            <Msg>101</Msg>
            <Sev>4</Sev>
            <Count>12</Count>
        </Issue>
        <Issue>
            <Rank>62</Rank>
            <Msg>564</Msg>
            <Sev>3</Sev>
            <Count>12</Count>
        </Issue>
        <Issue>
            <Rank>63</Rank>
            <Msg>850</Msg>
            <Sev>2</Sev>
            <Count>12</Count>
        </Issue>
        <Issue>
            <Rank>64</Rank>
            <Msg>114</Msg>
            <Sev>4</Sev>
            <Count>11</Count>
        </Issue>
        <Issue>
            <Rank>65</Rank>
            <Msg>418</Msg>
            <Sev>3</Sev>
            <Count>11</Count>
        </Issue>
        <Issue>
            <Rank>66</Rank>
            <Msg>529</Msg>
            <Sev>3</Sev>
            <Count>11</Count>
        </Issue>
        <Issue>
            <Rank>67</Rank>
            <Msg>601</Msg>
            <Sev>3</Sev>
            <Count>11</Count>
        </Issue>
        <Issue>
            <Rank>68</Rank>
            <Msg>605</Msg>
            <Sev>3</Sev>
            <Count>11</Count>
        </Issue>
        <Issue>
            <Rank>69</Rank>
            <Msg>718</Msg>
            <Sev>2</Sev>
            <Count>11</Count>
        </Issue>
        <Issue>
            <Rank>70</Rank>
            <Msg>49</Msg>
            <Sev>4</Sev>
            <Count>10</Count>
        </Issue>
        <Issue>
            <Rank>71</Rank>
            <Msg>530</Msg>
            <Sev>3</Sev>
            <Count>10</Count>
        </Issue>
        <Issue>
            <Rank>72</Rank>
            <Msg>592</Msg>
            <Sev>3</Sev>
            <Count>10</Count>
        </Issue>
        <Issue>
            <Rank>73</Rank>
            <Msg>662</Msg>
            <Sev>3</Sev>
            <Count>10</Count>
        </Issue>
        <Issue>
            <Rank>74</Rank>
            <Msg>132</Msg>
            <Sev>4</Sev>
            <Count>9</Count>
        </Issue>
        <Issue>
            <Rank>75</Rank>
            <Msg>844</Msg>
            <Sev>2</Sev>
            <Count>9</Count>
        </Issue>
        <Issue>
            <Rank>76</Rank>
            <Msg>414</Msg>
            <Sev>3</Sev>
            <Count>8</Count>
        </Issue>
        <Issue>
            <Rank>77</Rank>
            <Msg>716</Msg>
            <Sev>2</Sev>
            <Count>8</Count>
        </Issue>
        <Issue>
            <Rank>78</Rank>
            <Msg>730</Msg>
            <Sev>2</Sev>
            <Count>8</Count>
        </Issue>
        <Issue>
            <Rank>79</Rank>
            <Msg>551</Msg>
            <Sev>3</Sev>
            <Count>7</Count>
        </Issue>
        <Issue>
            <Rank>80</Rank>
            <Msg>687</Msg>
            <Sev>3</Sev>
            <Count>7</Count>
        </Issue>
        <Issue>
            <Rank>81</Rank>
            <Msg>834</Msg>
            <Sev>2</Sev>
            <Count>7</Count>
        </Issue>
        <Issue>
            <Rank>82</Rank>
            <Msg>835</Msg>
            <Sev>2</Sev>
            <Count>7</Count>
        </Issue>
        <Issue>
            <Rank>83</Rank>
            <Msg>19</Msg>
            <Sev>4</Sev>
            <Count>6</Count>
        </Issue>
        <Issue>
            <Rank>84</Rank>
            <Msg>124</Msg>
            <Sev>4</Sev>
            <Count>6</Count>
        </Issue>
        <Issue>
            <Rank>85</Rank>
            <Msg>539</Msg>
            <Sev>3</Sev>
            <Count>6</Count>
        </Issue>
        <Issue>
            <Rank>86</Rank>
            <Msg>123</Msg>
            <Sev>4</Sev>
            <Count>5</Count>
        </Issue>
        <Issue>
            <Rank>87</Rank>
            <Msg>661</Msg>
            <Sev>3</Sev>
            <Count>5</Count>
        </Issue>
        <Issue>
            <Rank>88</Rank>
            <Msg>725</Msg>
            <Sev>2</Sev>
            <Count>5</Count>
        </Issue>
        <Issue>
            <Rank>89</Rank>
            <Msg>808</Msg>
            <Sev>2</Sev>
            <Count>5</Count>
        </Issue>
        <Issue>
            <Rank>90</Rank>
            <Msg>36</Msg>
            <Sev>4</Sev>
            <Count>4</Count>
        </Issue>
        <Issue>
            <Rank>91</Rank>
            <Msg>64</Msg>
            <Sev>4</Sev>
            <Count>4</Count>
        </Issue>
        <Issue>
            <Rank>92</Rank>
            <Msg>532</Msg>
            <Sev>3</Sev>
            <Count>4</Count>
        </Issue>
        <Issue>
            <Rank>93</Rank>
            <Msg>641</Msg>
            <Sev>3</Sev>
            <Count>4</Count>
        </Issue>
        <Issue>
            <Rank>94</Rank>
            <Msg>690</Msg>
            <Sev>3</Sev>
            <Count>4</Count>
        </Issue>
        <Issue>
            <Rank>95</Rank>
            <Msg>722</Msg>
            <Sev>2</Sev>
            <Count>4</Count>
        </Issue>
        <Issue>
            <Rank>96</Rank>
            <Msg>754</Msg>
            <Sev>2</Sev>
            <Count>4</Count>
        </Issue>
        <Issue>
            <Rank>97</Rank>
            <Msg>452</Msg>
            <Sev>3</Sev>
            <Count>3</Count>
        </Issue>
        <Issue>
            <Rank>98</Rank>
            <Msg>502</Msg>
            <Sev>3</Sev>
            <Count>3</Count>
        </Issue>
        <Issue>
            <Rank>99</Rank>
            <Msg>533</Msg>
            <Sev>3</Sev>
            <Count>3</Count>
        </Issue>
        <Issue>
            <Rank>100</Rank>
            <Msg>545</Msg>
            <Sev>3</Sev>
            <Count>3</Count>
        </Issue>
        <Issue>
            <Rank>101</Rank>
            <Msg>585</Msg>
            <Sev>3</Sev>
            <Count>3</Count>
        </Issue>
        <Issue>
            <Rank>102</Rank>
            <Msg>645</Msg>
            <Sev>3</Sev>
            <Count>3</Count>
        </Issue>
        <Issue>
            <Rank>103</Rank>
            <Msg>650</Msg>
            <Sev>3</Sev>
            <Count>3</Count>
        </Issue>
        <Issue>
            <Rank>104</Rank>
            <Msg>745</Msg>
            <Sev>2</Sev>
            <Count>3</Count>
        </Issue>
        <Issue>
            <Rank>105</Rank>
            <Msg>776</Msg>
            <Sev>2</Sev>
            <Count>3</Count>
        </Issue>
        <Issue>
            <Rank>106</Rank>
            <Msg>527</Msg>
            <Sev>3</Sev>
            <Count>2</Count>
        </Issue>
        <Issue>
            <Rank>107</Rank>
            <Msg>578</Msg>
            <Sev>3</Sev>
            <Count>2</Count>
        </Issue>
        <Issue>
            <Rank>108</Rank>
            <Msg>659</Msg>
            <Sev>3</Sev>
            <Count>2</Count>
        </Issue>
        <Issue>
            <Rank>109</Rank>
            <Msg>665</Msg>
            <Sev>3</Sev>
            <Count>2</Count>
        </Issue>
        <Issue>
            <Rank>110</Rank>
            <Msg>666</Msg>
            <Sev>3</Sev>
            <Count>2</Count>
        </Issue>
        <Issue>
            <Rank>111</Rank>
            <Msg>701</Msg>
            <Sev>2</Sev>
            <Count>2</Count>
        </Issue>
        <Issue>
            <Rank>112</Rank>
            <Msg>703</Msg>
            <Sev>2</Sev>
            <Count>2</Count>
        </Issue>
        <Issue>
            <Rank>113</Rank>
            <Msg>704</Msg>
            <Sev>2</Sev>
            <Count>2</Count>
        </Issue>
        <Issue>
            <Rank>114</Rank>
            <Msg>705</Msg>
            <Sev>2</Sev>
            <Count>2</Count>
        </Issue>
        <Issue>
            <Rank>115</Rank>
            <Msg>727</Msg>
            <Sev>2</Sev>
            <Count>2</Count>
        </Issue>
        <Issue>
            <Rank>116</Rank>
            <Msg>751</Msg>
            <Sev>2</Sev>
            <Count>2</Count>
        </Issue>
        <Issue>
            <Rank>117</Rank>
            <Msg>771</Msg>
            <Sev>2</Sev>
            <Count>2</Count>
        </Issue>
        <Issue>
            <Rank>118</Rank>
            <Msg>845</Msg>
            <Sev>2</Sev>
            <Count>2</Count>
        </Issue>
        <Issue>
            <Rank>119</Rank>
            <Msg>305</Msg>
            <Sev>999</Sev>
            <Count>1</Count>
        </Issue>
        <Issue>
            <Rank>120</Rank>
            <Msg>78</Msg>
            <Sev>4</Sev>
            <Count>1</Count>
        </Issue>
        <Issue>
            <Rank>121</Rank>
            <Msg>158</Msg>
            <Sev>4</Sev>
            <Count>1</Count>
        </Issue>
        <Issue>
            <Rank>122</Rank>
            <Msg>409</Msg>
            <Sev>3</Sev>
            <Count>1</Count>
        </Issue>
        <Issue>
            <Rank>123</Rank>
            <Msg>413</Msg>
            <Sev>3</Sev>
            <Count>1</Count>
        </Issue>
        <Issue>
            <Rank>124</Rank>
            <Msg>501</Msg>
            <Sev>3</Sev>
            <Count>1</Count>
        </Issue>
        <Issue>
            <Rank>125</Rank>
            <Msg>512</Msg>
            <Sev>3</Sev>
            <Count>1</Count>
        </Issue>
        <Issue>
            <Rank>126</Rank>
            <Msg>515</Msg>
            <Sev>3</Sev>
            <Count>1</Count>
        </Issue>
        <Issue>
            <Rank>127</Rank>
            <Msg>522</Msg>
            <Sev>3</Sev>
            <Count>1</Count>
        </Issue>
        <Issue>
            <Rank>128</Rank>
            <Msg>525</Msg>
            <Sev>3</Sev>
            <Count>1</Count>
        </Issue>
        <Issue>
            <Rank>129</Rank>
            <Msg>563</Msg>
            <Sev>3</Sev>
            <Count>1</Count>
        </Issue>
        <Issue>
            <Rank>130</Rank>
            <Msg>568</Msg>
            <Sev>3</Sev>
            <Count>1</Count>
        </Issue>
        <Issue>
            <Rank>131</Rank>
            <Msg>685</Msg>
            <Sev>3</Sev>
            <Count>1</Count>
        </Issue>
        <Issue>
            <Rank>132</Rank>
            <Msg>695</Msg>
            <Sev>3</Sev>
            <Count>1</Count>
        </Issue>
        <Issue>
            <Rank>133</Rank>
            <Msg>753</Msg>
            <Sev>2</Sev>
            <Count>1</Count>
        </Issue>
        <Issue>
            <Rank>134</Rank>
            <Msg>764</Msg>
            <Sev>2</Sev>
            <Count>1</Count>
        </Issue>
        <Issue>
            <Rank>135</Rank>
            <Msg>770</Msg>
            <Sev>2</Sev>
            <Count>1</Count>
        </Issue>
        <Issue>
            <Rank>136</Rank>
            <Msg>810</Msg>
            <Sev>2</Sev>
            <Count>1</Count>
        </Issue>
        <Issue>
            <Rank>137</Rank>
            <Msg>821</Msg>
            <Sev>2</Sev>
            <Count>1</Count>
        </Issue>
        <Issue>
            <Rank>138</Rank>
            <Msg>832</Msg>
            <Sev>2</Sev>
            <Count>1</Count>
        </Issue>
        <Issue>
            <Rank>139</Rank>
            <Msg>1713</Msg>
            <Sev>2</Sev>
            <Count>1</Count>
        </Issue>
    </IssueList>
</Aloa>
